Just a string: &lt;b&gt;Test&lt;/b&gt;
Captured output: <b>Test</b>