
  <div class="infoBox">
    Foo &amp; bar
  </div>
  <div class="infoBox">
    Foo <b>bar</b>
  </div>

