<html>
<head>
<title>FreeMarker: Comment Test</title>
</head>
<body>
	<p>Message exists!
	</p>

a  b
a  b

6
7
8
</body>
</html>
