A próba
A próba

A próba
A próba
A próba
A próba
A próba

${'A'} próba
${'A'} próba
${'A'} próba
${'A'} próba

A prÃ³ba
A prÃ³ba
A próba
A próba

A próba
A próba
A próba
A próba

[]
[]
