3.00
3.00
01:02:03.000
01:02:03.000
---
de
true false
yes no
igen nem
0.0 1.0
true true